{
    "process": "gptq",
    "layer": 0,
    "module": "self_attn.v_proj",
    "feat: in, out": "4096, 1024",
    "dtype: size": "bf16: 8.3MB",
    "loss": "0.0000002902",
    "samples": "14592",
    "damp": "0.05000",
    "time": "2.238",
    "fwd_time": "0.800",
    "(v)ram": "n/a"
}
{
    "process": "gptq",
    "layer": 0,
    "module": "self_attn.q_proj",
    "feat: in, out": "4096, 4096",
    "dtype: size": "bf16: 33.0MB",
    "loss": "0.0000114737",
    "samples": "14592",
    "damp": "0.05000",
    "time": "2.081",
    "fwd_time": "0.800",
    "(v)ram": "n/a"
}
{
    "process": "gptq",
    "layer": 0,
    "module": "self_attn.k_proj",
    "feat: in, out": "4096, 1024",
    "dtype: size": "bf16: 8.3MB",
    "loss": "0.0000034596",
    "samples": "14592",
    "damp": "0.05000",
    "time": "2.102",
    "fwd_time": "0.800",
    "(v)ram": "n/a"
}
{
    "process": "gptq",
    "layer": 0,
    "module": "self_attn.o_proj",
    "feat: in, out": "4096, 4096",
    "dtype: size": "bf16: 33.0MB",
    "loss": "0.0000000015",
    "samples": "14592",
    "damp": "0.05000",
    "time": "0.709",
    "fwd_time": "0.300",
    "(v)ram": "n/a"
}
{
    "process": "gptq",
    "layer": 0,
    "module": "mlp.gate_proj",
    "feat: in, out": "4096, 14336",
    "dtype: size": "bf16: 115.5MB",
    "loss": "0.0000110019",
    "samples": "14592",
    "damp": "0.05000",
    "time": "1.661",
    "fwd_time": "0.614",
    "(v)ram": "n/a"
}
{
    "process": "gptq",
    "layer": 0,
    "module": "mlp.up_proj",
    "feat: in, out": "4096, 14336",
    "dtype: size": "bf16: 115.5MB",
    "loss": "0.0000095198",
    "samples": "14592",
    "damp": "0.05000",
    "time": "1.670",
    "fwd_time": "0.614",
    "(v)ram": "n/a"
}
{
    "process": "gptq",
    "layer": 0,
    "module": "mlp.down_proj",
    "feat: in, out": "14336, 4096",
    "dtype: size": "bf16: 115.6MB",
    "loss": "0.0000000113",
    "samples": "14592",
    "damp": "0.05000",
    "time": "5.146",
    "fwd_time": "2.076",
    "(v)ram": "n/a"
}
{
    "process": "gptq",
    "layer": 1,
    "module": "self_attn.q_proj",
    "feat: in, out": "4096, 4096",
    "dtype: size": "bf16: 33.0MB",
    "loss": "0.0000362982",
    "samples": "14592",
    "damp": "0.05000",
    "time": "1.822",
    "fwd_time": "0.545",
    "(v)ram": "n/a"
}
{
    "process": "gptq",
    "layer": 1,
    "module": "self_attn.k_proj",
    "feat: in, out": "4096, 1024",
    "dtype: size": "bf16: 8.3MB",
    "loss": "0.0000162594",
    "samples": "14592",
    "damp": "0.05000",
    "time": "1.838",
    "fwd_time": "0.545",
    "(v)ram": "n/a"
}
{
    "process": "gptq",
    "layer": 1,
    "module": "self_attn.v_proj",
    "feat: in, out": "4096, 1024",
    "dtype: size": "bf16: 8.3MB",
    "loss": "0.0000025822",
    "samples": "14592",
    "damp": "0.05000",
    "time": "1.838",
    "fwd_time": "0.545",
    "(v)ram": "n/a"
}
{
    "process": "gptq",
    "layer": 1,
    "module": "self_attn.o_proj",
    "feat: in, out": "4096, 4096",
    "dtype: size": "bf16: 33.0MB",
    "loss": "0.0000000062",
    "samples": "14592",
    "damp": "0.05000",
    "time": "0.724",
    "fwd_time": "0.287",
    "(v)ram": "n/a"
}
{
    "process": "gptq",
    "layer": 1,
    "module": "mlp.up_proj",
    "feat: in, out": "4096, 14336",
    "dtype: size": "bf16: 115.5MB",
    "loss": "0.0000337147",
    "samples": "14592",
    "damp": "0.05000",
    "time": "1.674",
    "fwd_time": "0.596",
    "(v)ram": "n/a"
}
{
    "process": "gptq",
    "layer": 1,
    "module": "mlp.gate_proj",
    "feat: in, out": "4096, 14336",
    "dtype: size": "bf16: 115.5MB",
    "loss": "0.0000384753",
    "samples": "14592",
    "damp": "0.05000",
    "time": "1.683",
    "fwd_time": "0.596",
    "(v)ram": "n/a"
}
{
    "process": "gptq",
    "layer": 1,
    "module": "mlp.down_proj",
    "feat: in, out": "14336, 4096",
    "dtype: size": "bf16: 115.6MB",
    "loss": "0.0000132567",
    "samples": "14592",
    "damp": "0.05000",
    "time": "5.211",
    "fwd_time": "2.068",
    "(v)ram": "n/a"
}
{
    "process": "gptq",
    "layer": 2,
    "module": "self_attn.q_proj",
    "feat: in, out": "4096, 4096",
    "dtype: size": "bf16: 33.0MB",
    "loss": "0.0002632800",
    "samples": "14592",
    "damp": "0.05000",
    "time": "1.748",
    "fwd_time": "0.555",
    "(v)ram": "n/a"
}
{
    "process": "gptq",
    "layer": 2,
    "module": "self_attn.v_proj",
    "feat: in, out": "4096, 1024",
    "dtype: size": "bf16: 8.3MB",
    "loss": "0.0000166575",
    "samples": "14592",
    "damp": "0.05000",
    "time": "1.760",
    "fwd_time": "0.555",
    "(v)ram": "n/a"
}
{
    "process": "gptq",
    "layer": 2,
    "module": "self_attn.k_proj",
    "feat: in, out": "4096, 1024",
    "dtype: size": "bf16: 8.3MB",
    "loss": "0.0001278806",
    "samples": "14592",
    "damp": "0.05000",
    "time": "1.766",
    "fwd_time": "0.555",
    "(v)ram": "n/a"
}
{
    "process": "gptq",
    "layer": 2,
    "module": "self_attn.o_proj",
    "feat: in, out": "4096, 4096",
    "dtype: size": "bf16: 33.0MB",
    "loss": "0.0000000092",
    "samples": "14592",
    "damp": "0.05000",
    "time": "0.712",
    "fwd_time": "0.285",
    "(v)ram": "n/a"
}
{
    "process": "gptq",
    "layer": 2,
    "module": "mlp.gate_proj",
    "feat: in, out": "4096, 14336",
    "dtype: size": "bf16: 115.5MB",
    "loss": "0.0000793659",
    "samples": "14592",
    "damp": "0.05000",
    "time": "1.663",
    "fwd_time": "0.578",
    "(v)ram": "n/a"
}
{
    "process": "gptq",
    "layer": 2,
    "module": "mlp.up_proj",
    "feat: in, out": "4096, 14336",
    "dtype: size": "bf16: 115.5MB",
    "loss": "0.0000692598",
    "samples": "14592",
    "damp": "0.05000",
    "time": "1.674",
    "fwd_time": "0.578",
    "(v)ram": "n/a"
}
{
    "process": "gptq",
    "layer": 2,
    "module": "mlp.down_proj",
    "feat: in, out": "14336, 4096",
    "dtype: size": "bf16: 115.6MB",
    "loss": "0.0000000241",
    "samples": "14592",
    "damp": "0.05000",
    "time": "5.189",
    "fwd_time": "2.062",
    "(v)ram": "n/a"
}
{
    "process": "gptq",
    "layer": 3,
    "module": "self_attn.k_proj",
    "feat: in, out": "4096, 1024",
    "dtype: size": "bf16: 8.3MB",
    "loss": "0.0000695395",
    "samples": "14592",
    "damp": "0.05000",
    "time": "1.774",
    "fwd_time": "0.569",
    "(v)ram": "n/a"
}
{
    "process": "gptq",
    "layer": 3,
    "module": "self_attn.q_proj",
    "feat: in, out": "4096, 4096",
    "dtype: size": "bf16: 33.0MB",
    "loss": "0.0001427926",
    "samples": "14592",
    "damp": "0.05000",
    "time": "1.796",
    "fwd_time": "0.569",
    "(v)ram": "n/a"
}
{
    "process": "gptq",
    "layer": 3,
    "module": "self_attn.v_proj",
    "feat: in, out": "4096, 1024",
    "dtype: size": "bf16: 8.3MB",
    "loss": "0.0000113806",
    "samples": "14592",
    "damp": "0.05000",
    "time": "1.798",
    "fwd_time": "0.569",
    "(v)ram": "n/a"
}
{
    "process": "gptq",
    "layer": 3,
    "module": "self_attn.o_proj",
    "feat: in, out": "4096, 4096",
    "dtype: size": "bf16: 33.0MB",
    "loss": "0.0000000145",
    "samples": "14592",
    "damp": "0.05000",
    "time": "0.712",
    "fwd_time": "0.283",
    "(v)ram": "n/a"
}
{
    "process": "gptq",
    "layer": 3,
    "module": "mlp.up_proj",
    "feat: in, out": "4096, 14336",
    "dtype: size": "bf16: 115.5MB",
    "loss": "0.0001145436",
    "samples": "14592",
    "damp": "0.05000",
    "time": "1.670",
    "fwd_time": "0.604",
    "(v)ram": "n/a"
}
{
    "process": "gptq",
    "layer": 3,
    "module": "mlp.gate_proj",
    "feat: in, out": "4096, 14336",
    "dtype: size": "bf16: 115.5MB",
    "loss": "0.0001326433",
    "samples": "14592",
    "damp": "0.05000",
    "time": "1.672",
    "fwd_time": "0.604",
    "(v)ram": "n/a"
}
{
    "process": "gptq",
    "layer": 3,
    "module": "mlp.down_proj",
    "feat: in, out": "14336, 4096",
    "dtype: size": "bf16: 115.6MB",
    "loss": "0.0000000449",
    "samples": "14592",
    "damp": "0.05000",
    "time": "5.182",
    "fwd_time": "2.071",
    "(v)ram": "n/a"
}
{
    "process": "gptq",
    "layer": 4,
    "module": "self_attn.k_proj",
    "feat: in, out": "4096, 1024",
    "dtype: size": "bf16: 8.3MB",
    "loss": "0.0000971098",
    "samples": "14592",
    "damp": "0.05000",
    "time": "1.761",
    "fwd_time": "0.573",
    "(v)ram": "n/a"
}
{
    "process": "gptq",
    "layer": 4,
    "module": "self_attn.q_proj",
    "feat: in, out": "4096, 4096",
    "dtype: size": "bf16: 33.0MB",
    "loss": "0.0002195327",
    "samples": "14592",
    "damp": "0.05000",
    "time": "1.783",
    "fwd_time": "0.573",
    "(v)ram": "n/a"
}
{
    "process": "gptq",
    "layer": 4,
    "module": "self_attn.v_proj",
    "feat: in, out": "4096, 1024",
    "dtype: size": "bf16: 8.3MB",
    "loss": "0.0000190578",
    "samples": "14592",
    "damp": "0.05000",
    "time": "1.797",
    "fwd_time": "0.573",
    "(v)ram": "n/a"
}
{
    "process": "gptq",
    "layer": 4,
    "module": "self_attn.o_proj",
    "feat: in, out": "4096, 4096",
    "dtype: size": "bf16: 33.0MB",
    "loss": "0.0000000175",
    "samples": "14592",
    "damp": "0.05000",
    "time": "0.701",
    "fwd_time": "0.285",
    "(v)ram": "n/a"
}
{
    "process": "gptq",
    "layer": 4,
    "module": "mlp.up_proj",
    "feat: in, out": "4096, 14336",
    "dtype: size": "bf16: 115.5MB",
    "loss": "0.0001568071",
    "samples": "14592",
    "damp": "0.05000",
    "time": "1.669",
    "fwd_time": "0.593",
    "(v)ram": "n/a"
}
{
    "process": "gptq",
    "layer": 4,
    "module": "mlp.gate_proj",
    "feat: in, out": "4096, 14336",
    "dtype: size": "bf16: 115.5MB",
    "loss": "0.0001935821",
    "samples": "14592",
    "damp": "0.05000",
    "time": "1.673",
    "fwd_time": "0.593",
    "(v)ram": "n/a"
}
{
    "process": "gptq",
    "layer": 4,
    "module": "mlp.down_proj",
    "feat: in, out": "14336, 4096",
    "dtype: size": "bf16: 115.6MB",
    "loss": "0.0000000810",
    "samples": "14592",
    "damp": "0.05000",
    "time": "5.189",
    "fwd_time": "2.069",
    "(v)ram": "n/a"
}
{
    "process": "gptq",
    "layer": 5,
    "module": "self_attn.v_proj",
    "feat: in, out": "4096, 1024",
    "dtype: size": "bf16: 8.3MB",
    "loss": "0.0000211050",
    "samples": "14592",
    "damp": "0.05000",
    "time": "1.822",
    "fwd_time": "0.582",
    "(v)ram": "n/a"
}
{
    "process": "gptq",
    "layer": 5,
    "module": "self_attn.k_proj",
    "feat: in, out": "4096, 1024",
    "dtype: size": "bf16: 8.3MB",
    "loss": "0.0001258691",
    "samples": "14592",
    "damp": "0.05000",
    "time": "1.828",
    "fwd_time": "0.582",
    "(v)ram": "n/a"
}
{
    "process": "gptq",
    "layer": 5,
    "module": "self_attn.q_proj",
    "feat: in, out": "4096, 4096",
    "dtype: size": "bf16: 33.0MB",
    "loss": "0.0002831363",
    "samples": "14592",
    "damp": "0.05000",
    "time": "1.832",
    "fwd_time": "0.582",
    "(v)ram": "n/a"
}
{
    "process": "gptq",
    "layer": 5,
    "module": "self_attn.o_proj",
    "feat: in, out": "4096, 4096",
    "dtype: size": "bf16: 33.0MB",
    "loss": "0.0000000373",
    "samples": "14592",
    "damp": "0.05000",
    "time": "0.719",
    "fwd_time": "0.284",
    "(v)ram": "n/a"
}
{
    "process": "gptq",
    "layer": 5,
    "module": "mlp.gate_proj",
    "feat: in, out": "4096, 14336",
    "dtype: size": "bf16: 115.5MB",
    "loss": "0.0002698389",
    "samples": "14592",
    "damp": "0.05000",
    "time": "1.686",
    "fwd_time": "0.592",
    "(v)ram": "n/a"
}
{
    "process": "gptq",
    "layer": 5,
    "module": "mlp.up_proj",
    "feat: in, out": "4096, 14336",
    "dtype: size": "bf16: 115.5MB",
    "loss": "0.0002051628",
    "samples": "14592",
    "damp": "0.05000",
    "time": "1.692",
    "fwd_time": "0.592",
    "(v)ram": "n/a"
}
{
    "process": "gptq",
    "layer": 5,
    "module": "mlp.down_proj",
    "feat: in, out": "14336, 4096",
    "dtype: size": "bf16: 115.6MB",
    "loss": "0.0000001338",
    "samples": "14592",
    "damp": "0.05000",
    "time": "5.195",
    "fwd_time": "2.072",
    "(v)ram": "n/a"
}
{
    "process": "gptq",
    "layer": 6,
    "module": "self_attn.v_proj",
    "feat: in, out": "4096, 1024",
    "dtype: size": "bf16: 8.3MB",
    "loss": "0.0000216686",
    "samples": "14592",
    "damp": "0.05000",
    "time": "1.806",
    "fwd_time": "0.572",
    "(v)ram": "n/a"
}
{
    "process": "gptq",
    "layer": 6,
    "module": "self_attn.q_proj",
    "feat: in, out": "4096, 4096",
    "dtype: size": "bf16: 33.0MB",
    "loss": "0.0002692670",
    "samples": "14592",
    "damp": "0.05000",
    "time": "1.811",
    "fwd_time": "0.572",
    "(v)ram": "n/a"
}
{
    "process": "gptq",
    "layer": 6,
    "module": "self_attn.k_proj",
    "feat: in, out": "4096, 1024",
    "dtype: size": "bf16: 8.3MB",
    "loss": "0.0001265102",
    "samples": "14592",
    "damp": "0.05000",
    "time": "1.828",
    "fwd_time": "0.572",
    "(v)ram": "n/a"
}
{
    "process": "gptq",
    "layer": 6,
    "module": "self_attn.o_proj",
    "feat: in, out": "4096, 4096",
    "dtype: size": "bf16: 33.0MB",
    "loss": "0.0000000502",
    "samples": "14592",
    "damp": "0.05000",
    "time": "0.721",
    "fwd_time": "0.300",
    "(v)ram": "n/a"
}
{
    "process": "gptq",
    "layer": 6,
    "module": "mlp.up_proj",
    "feat: in, out": "4096, 14336",
    "dtype: size": "bf16: 115.5MB",
    "loss": "0.0002442205",
    "samples": "14592",
    "damp": "0.05000",
    "time": "1.683",
    "fwd_time": "0.597",
    "(v)ram": "n/a"
}
{
    "process": "gptq",
    "layer": 6,
    "module": "mlp.gate_proj",
    "feat: in, out": "4096, 14336",
    "dtype: size": "bf16: 115.5MB",
    "loss": "0.0003139424",
    "samples": "14592",
    "damp": "0.05000",
    "time": "1.687",
    "fwd_time": "0.597",
    "(v)ram": "n/a"
}
{
    "process": "gptq",
    "layer": 6,
    "module": "mlp.down_proj",
    "feat: in, out": "14336, 4096",
    "dtype: size": "bf16: 115.6MB",
    "loss": "0.0000001902",
    "samples": "14592",
    "damp": "0.05000",
    "time": "5.200",
    "fwd_time": "2.075",
    "(v)ram": "n/a"
}
{
    "process": "gptq",
    "layer": 7,
    "module": "self_attn.k_proj",
    "feat: in, out": "4096, 1024",
    "dtype: size": "bf16: 8.3MB",
    "loss": "0.0001602287",
    "samples": "14592",
    "damp": "0.05000",
    "time": "1.789",
    "fwd_time": "0.573",
    "(v)ram": "n/a"
}
{
    "process": "gptq",
    "layer": 7,
    "module": "self_attn.q_proj",
    "feat: in, out": "4096, 4096",
    "dtype: size": "bf16: 33.0MB",
    "loss": "0.0003344451",
    "samples": "14592",
    "damp": "0.05000",
    "time": "1.792",
    "fwd_time": "0.573",
    "(v)ram": "n/a"
}
{
    "process": "gptq",
    "layer": 7,
    "module": "self_attn.v_proj",
    "feat: in, out": "4096, 1024",
    "dtype: size": "bf16: 8.3MB",
    "loss": "0.0000286040",
    "samples": "14592",
    "damp": "0.05000",
    "time": "1.793",
    "fwd_time": "0.573",
    "(v)ram": "n/a"
}
{
    "process": "gptq",
    "layer": 7,
    "module": "self_attn.o_proj",
    "feat: in, out": "4096, 4096",
    "dtype: size": "bf16: 33.0MB",
    "loss": "0.0000000805",
    "samples": "14592",
    "damp": "0.05000",
    "time": "0.713",
    "fwd_time": "0.284",
    "(v)ram": "n/a"
}
{
    "process": "gptq",
    "layer": 7,
    "module": "mlp.up_proj",
    "feat: in, out": "4096, 14336",
    "dtype: size": "bf16: 115.5MB",
    "loss": "0.0002805057",
    "samples": "14592",
    "damp": "0.05000",
    "time": "1.647",
    "fwd_time": "0.592",
    "(v)ram": "n/a"
}
{
    "process": "gptq",
    "layer": 7,
    "module": "mlp.gate_proj",
    "feat: in, out": "4096, 14336",
    "dtype: size": "bf16: 115.5MB",
    "loss": "0.0003693699",
    "samples": "14592",
    "damp": "0.05000",
    "time": "1.654",
    "fwd_time": "0.592",
    "(v)ram": "n/a"
}
{
    "process": "gptq",
    "layer": 7,
    "module": "mlp.down_proj",
    "feat: in, out": "14336, 4096",
    "dtype: size": "bf16: 115.6MB",
    "loss": "0.0000002455",
    "samples": "14592",
    "damp": "0.05000",
    "time": "5.194",
    "fwd_time": "2.051",
    "(v)ram": "n/a"
}
{
    "process": "gptq",
    "layer": 8,
    "module": "self_attn.q_proj",
    "feat: in, out": "4096, 4096",
    "dtype: size": "bf16: 33.0MB",
    "loss": "0.0002752156",
    "samples": "14592",
    "damp": "0.05000",
    "time": "1.809",
    "fwd_time": "0.574",
    "(v)ram": "n/a"
}
{
    "process": "gptq",
    "layer": 8,
    "module": "self_attn.v_proj",
    "feat: in, out": "4096, 1024",
    "dtype: size": "bf16: 8.3MB",
    "loss": "0.0000266649",
    "samples": "14592",
    "damp": "0.05000",
    "time": "1.820",
    "fwd_time": "0.574",
    "(v)ram": "n/a"
}
{
    "process": "gptq",
    "layer": 8,
    "module": "self_attn.k_proj",
    "feat: in, out": "4096, 1024",
    "dtype: size": "bf16: 8.3MB",
    "loss": "0.0001252213",
    "samples": "14592",
    "damp": "0.05000",
    "time": "1.828",
    "fwd_time": "0.574",
    "(v)ram": "n/a"
}
{
    "process": "gptq",
    "layer": 8,
    "module": "self_attn.o_proj",
    "feat: in, out": "4096, 4096",
    "dtype: size": "bf16: 33.0MB",
    "loss": "0.0000001058",
    "samples": "14592",
    "damp": "0.05000",
    "time": "0.728",
    "fwd_time": "0.286",
    "(v)ram": "n/a"
}
{
    "process": "gptq",
    "layer": 8,
    "module": "mlp.up_proj",
    "feat: in, out": "4096, 14336",
    "dtype: size": "bf16: 115.5MB",
    "loss": "0.0003073866",
    "samples": "14592",
    "damp": "0.05000",
    "time": "1.679",
    "fwd_time": "0.595",
    "(v)ram": "n/a"
}
{
    "process": "gptq",
    "layer": 8,
    "module": "mlp.gate_proj",
    "feat: in, out": "4096, 14336",
    "dtype: size": "bf16: 115.5MB",
    "loss": "0.0003966156",
    "samples": "14592",
    "damp": "0.05000",
    "time": "1.682",
    "fwd_time": "0.595",
    "(v)ram": "n/a"
}
{
    "process": "gptq",
    "layer": 8,
    "module": "mlp.down_proj",
    "feat: in, out": "14336, 4096",
    "dtype: size": "bf16: 115.6MB",
    "loss": "0.0000003017",
    "samples": "14592",
    "damp": "0.05000",
    "time": "5.194",
    "fwd_time": "2.069",
    "(v)ram": "n/a"
}
{
    "process": "gptq",
    "layer": 9,
    "module": "self_attn.v_proj",
    "feat: in, out": "4096, 1024",
    "dtype: size": "bf16: 8.3MB",
    "loss": "0.0000313185",
    "samples": "14592",
    "damp": "0.05000",
    "time": "1.808",
    "fwd_time": "0.564",
    "(v)ram": "n/a"
}
{
    "process": "gptq",
    "layer": 9,
    "module": "self_attn.k_proj",
    "feat: in, out": "4096, 1024",
    "dtype: size": "bf16: 8.3MB",
    "loss": "0.0001744517",
    "samples": "14592",
    "damp": "0.05000",
    "time": "1.810",
    "fwd_time": "0.564",
    "(v)ram": "n/a"
}
{
    "process": "gptq",
    "layer": 9,
    "module": "self_attn.q_proj",
    "feat: in, out": "4096, 4096",
    "dtype: size": "bf16: 33.0MB",
    "loss": "0.0003721791",
    "samples": "14592",
    "damp": "0.05000",
    "time": "1.813",
    "fwd_time": "0.564",
    "(v)ram": "n/a"
}
{
    "process": "gptq",
    "layer": 9,
    "module": "self_attn.o_proj",
    "feat: in, out": "4096, 4096",
    "dtype: size": "bf16: 33.0MB",
    "loss": "0.0000001157",
    "samples": "14592",
    "damp": "0.05000",
    "time": "0.721",
    "fwd_time": "0.282",
    "(v)ram": "n/a"
}
{
    "process": "gptq",
    "layer": 9,
    "module": "mlp.gate_proj",
    "feat: in, out": "4096, 14336",
    "dtype: size": "bf16: 115.5MB",
    "loss": "0.0004162826",
    "samples": "14592",
    "damp": "0.05000",
    "time": "1.650",
    "fwd_time": "0.594",
    "(v)ram": "n/a"
}
{
    "process": "gptq",
    "layer": 9,
    "module": "mlp.up_proj",
    "feat: in, out": "4096, 14336",
    "dtype: size": "bf16: 115.5MB",
    "loss": "0.0003337673",
    "samples": "14592",
    "damp": "0.05000",
    "time": "1.674",
    "fwd_time": "0.594",
    "(v)ram": "n/a"
}
{
    "process": "gptq",
    "layer": 9,
    "module": "mlp.down_proj",
    "feat: in, out": "14336, 4096",
    "dtype: size": "bf16: 115.6MB",
    "loss": "0.0000003817",
    "samples": "14592",
    "damp": "0.05000",
    "time": "5.200",
    "fwd_time": "2.073",
    "(v)ram": "n/a"
}
{
    "process": "gptq",
    "layer": 10,
    "module": "self_attn.v_proj",
    "feat: in, out": "4096, 1024",
    "dtype: size": "bf16: 8.3MB",
    "loss": "0.0000276729",
    "samples": "14592",
    "damp": "0.05000",
    "time": "1.813",
    "fwd_time": "0.562",
    "(v)ram": "n/a"
}
{
    "process": "gptq",
    "layer": 10,
    "module": "self_attn.q_proj",
    "feat: in, out": "4096, 4096",
    "dtype: size": "bf16: 33.0MB",
    "loss": "0.0003346503",
    "samples": "14592",
    "damp": "0.05000",
    "time": "1.814",
    "fwd_time": "0.562",
    "(v)ram": "n/a"
}
{
    "process": "gptq",
    "layer": 10,
    "module": "self_attn.k_proj",
    "feat: in, out": "4096, 1024",
    "dtype: size": "bf16: 8.3MB",
    "loss": "0.0001591901",
    "samples": "14592",
    "damp": "0.05000",
    "time": "1.815",
    "fwd_time": "0.562",
    "(v)ram": "n/a"
}
{
    "process": "gptq",
    "layer": 10,
    "module": "self_attn.o_proj",
    "feat: in, out": "4096, 4096",
    "dtype: size": "bf16: 33.0MB",
    "loss": "0.0000002027",
    "samples": "14592",
    "damp": "0.05000",
    "time": "0.706",
    "fwd_time": "0.288",
    "(v)ram": "n/a"
}
{
    "process": "gptq",
    "layer": 10,
    "module": "mlp.up_proj",
    "feat: in, out": "4096, 14336",
    "dtype: size": "bf16: 115.5MB",
    "loss": "0.0003574300",
    "samples": "14592",
    "damp": "0.05000",
    "time": "1.666",
    "fwd_time": "0.597",
    "(v)ram": "n/a"
}
{
    "process": "gptq",
    "layer": 10,
    "module": "mlp.gate_proj",
    "feat: in, out": "4096, 14336",
    "dtype: size": "bf16: 115.5MB",
    "loss": "0.0004351722",
    "samples": "14592",
    "damp": "0.05000",
    "time": "1.672",
    "fwd_time": "0.597",
    "(v)ram": "n/a"
}
{
    "process": "gptq",
    "layer": 10,
    "module": "mlp.down_proj",
    "feat: in, out": "14336, 4096",
    "dtype: size": "bf16: 115.6MB",
    "loss": "0.0000004257",
    "samples": "14592",
    "damp": "0.05000",
    "time": "5.198",
    "fwd_time": "2.074",
    "(v)ram": "n/a"
}
{
    "process": "gptq",
    "layer": 11,
    "module": "self_attn.v_proj",
    "feat: in, out": "4096, 1024",
    "dtype: size": "bf16: 8.3MB",
    "loss": "0.0000404422",
    "samples": "14592",
    "damp": "0.05000",
    "time": "1.764",
    "fwd_time": "0.544",
    "(v)ram": "n/a"
}
{
    "process": "gptq",
    "layer": 11,
    "module": "self_attn.k_proj",
    "feat: in, out": "4096, 1024",
    "dtype: size": "bf16: 8.3MB",
    "loss": "0.0001839134",
    "samples": "14592",
    "damp": "0.05000",
    "time": "1.767",
    "fwd_time": "0.544",
    "(v)ram": "n/a"
}
{
    "process": "gptq",
    "layer": 11,
    "module": "self_attn.q_proj",
    "feat: in, out": "4096, 4096",
    "dtype: size": "bf16: 33.0MB",
    "loss": "0.0003997631",
    "samples": "14592",
    "damp": "0.05000",
    "time": "1.774",
    "fwd_time": "0.544",
    "(v)ram": "n/a"
}
{
    "process": "gptq",
    "layer": 11,
    "module": "self_attn.o_proj",
    "feat: in, out": "4096, 4096",
    "dtype: size": "bf16: 33.0MB",
    "loss": "0.0000002571",
    "samples": "14592",
    "damp": "0.05000",
    "time": "0.706",
    "fwd_time": "0.284",
    "(v)ram": "n/a"
}
{
    "process": "gptq",
    "layer": 11,
    "module": "mlp.up_proj",
    "feat: in, out": "4096, 14336",
    "dtype: size": "bf16: 115.5MB",
    "loss": "0.0003960303",
    "samples": "14592",
    "damp": "0.05000",
    "time": "1.657",
    "fwd_time": "0.594",
    "(v)ram": "n/a"
}
{
    "process": "gptq",
    "layer": 11,
    "module": "mlp.gate_proj",
    "feat: in, out": "4096, 14336",
    "dtype: size": "bf16: 115.5MB",
    "loss": "0.0004750599",
    "samples": "14592",
    "damp": "0.05000",
    "time": "1.677",
    "fwd_time": "0.594",
    "(v)ram": "n/a"
}
{
    "process": "gptq",
    "layer": 11,
    "module": "mlp.down_proj",
    "feat: in, out": "14336, 4096",
    "dtype: size": "bf16: 115.6MB",
    "loss": "0.0000004929",
    "samples": "14592",
    "damp": "0.05000",
    "time": "5.189",
    "fwd_time": "2.085",
    "(v)ram": "n/a"
}
{
    "process": "gptq",
    "layer": 12,
    "module": "self_attn.q_proj",
    "feat: in, out": "4096, 4096",
    "dtype: size": "bf16: 33.0MB",
    "loss": "0.0005302542",
    "samples": "14592",
    "damp": "0.05000",
    "time": "1.787",
    "fwd_time": "0.543",
    "(v)ram": "n/a"
}
{
    "process": "gptq",
    "layer": 12,
    "module": "self_attn.v_proj",
    "feat: in, out": "4096, 1024",
    "dtype: size": "bf16: 8.3MB",
    "loss": "0.0000459588",
    "samples": "14592",
    "damp": "0.05000",
    "time": "1.802",
    "fwd_time": "0.543",
    "(v)ram": "n/a"
}
{
    "process": "gptq",
    "layer": 12,
    "module": "self_attn.k_proj",
    "feat: in, out": "4096, 1024",
    "dtype: size": "bf16: 8.3MB",
    "loss": "0.0002389419",
    "samples": "14592",
    "damp": "0.05000",
    "time": "1.803",
    "fwd_time": "0.543",
    "(v)ram": "n/a"
}
{
    "process": "gptq",
    "layer": 12,
    "module": "self_attn.o_proj",
    "feat: in, out": "4096, 4096",
    "dtype: size": "bf16: 33.0MB",
    "loss": "0.0000002866",
    "samples": "14592",
    "damp": "0.05000",
    "time": "0.705",
    "fwd_time": "0.288",
    "(v)ram": "n/a"
}
{
    "process": "gptq",
    "layer": 12,
    "module": "mlp.gate_proj",
    "feat: in, out": "4096, 14336",
    "dtype: size": "bf16: 115.5MB",
    "loss": "0.0005233002",
    "samples": "14592",
    "damp": "0.05000",
    "time": "1.662",
    "fwd_time": "0.594",
    "(v)ram": "n/a"
}
{
    "process": "gptq",
    "layer": 12,
    "module": "mlp.up_proj",
    "feat: in, out": "4096, 14336",
    "dtype: size": "bf16: 115.5MB",
    "loss": "0.0004463138",
    "samples": "14592",
    "damp": "0.05000",
    "time": "1.668",
    "fwd_time": "0.594",
    "(v)ram": "n/a"
}
{
    "process": "gptq",
    "layer": 12,
    "module": "mlp.down_proj",
    "feat: in, out": "14336, 4096",
    "dtype: size": "bf16: 115.6MB",
    "loss": "0.0000006001",
    "samples": "14592",
    "damp": "0.05000",
    "time": "5.196",
    "fwd_time": "2.072",
    "(v)ram": "n/a"
}
{
    "process": "gptq",
    "layer": 13,
    "module": "self_attn.q_proj",
    "feat: in, out": "4096, 4096",
    "dtype: size": "bf16: 33.0MB",
    "loss": "0.0004153719",
    "samples": "14592",
    "damp": "0.05000",
    "time": "1.773",
    "fwd_time": "0.554",
    "(v)ram": "n/a"
}
{
    "process": "gptq",
    "layer": 13,
    "module": "self_attn.v_proj",
    "feat: in, out": "4096, 1024",
    "dtype: size": "bf16: 8.3MB",
    "loss": "0.0000435638",
    "samples": "14592",
    "damp": "0.05000",
    "time": "1.778",
    "fwd_time": "0.554",
    "(v)ram": "n/a"
}
{
    "process": "gptq",
    "layer": 13,
    "module": "self_attn.k_proj",
    "feat: in, out": "4096, 1024",
    "dtype: size": "bf16: 8.3MB",
    "loss": "0.0002033189",
    "samples": "14592",
    "damp": "0.05000",
    "time": "1.781",
    "fwd_time": "0.554",
    "(v)ram": "n/a"
}
{
    "process": "gptq",
    "layer": 13,
    "module": "self_attn.o_proj",
    "feat: in, out": "4096, 4096",
    "dtype: size": "bf16: 33.0MB",
    "loss": "0.0000003499",
    "samples": "14592",
    "damp": "0.05000",
    "time": "0.716",
    "fwd_time": "0.286",
    "(v)ram": "n/a"
}
{
    "process": "gptq",
    "layer": 13,
    "module": "mlp.up_proj",
    "feat: in, out": "4096, 14336",
    "dtype: size": "bf16: 115.5MB",
    "loss": "0.0005117179",
    "samples": "14592",
    "damp": "0.05000",
    "time": "1.649",
    "fwd_time": "0.604",
    "(v)ram": "n/a"
}
{
    "process": "gptq",
    "layer": 13,
    "module": "mlp.gate_proj",
    "feat: in, out": "4096, 14336",
    "dtype: size": "bf16: 115.5MB",
    "loss": "0.0005838732",
    "samples": "14592",
    "damp": "0.05000",
    "time": "1.664",
    "fwd_time": "0.604",
    "(v)ram": "n/a"
}
{
    "process": "gptq",
    "layer": 13,
    "module": "mlp.down_proj",
    "feat: in, out": "14336, 4096",
    "dtype: size": "bf16: 115.6MB",
    "loss": "0.0000007451",
    "samples": "14592",
    "damp": "0.05000",
    "time": "5.201",
    "fwd_time": "2.072",
    "(v)ram": "n/a"
}
{
    "process": "gptq",
    "layer": 14,
    "module": "self_attn.k_proj",
    "feat: in, out": "4096, 1024",
    "dtype: size": "bf16: 8.3MB",
    "loss": "0.0002008889",
    "samples": "14592",
    "damp": "0.05000",
    "time": "1.761",
    "fwd_time": "0.556",
    "(v)ram": "n/a"
}
{
    "process": "gptq",
    "layer": 14,
    "module": "self_attn.v_proj",
    "feat: in, out": "4096, 1024",
    "dtype: size": "bf16: 8.3MB",
    "loss": "0.0000693915",
    "samples": "14592",
    "damp": "0.05000",
    "time": "1.763",
    "fwd_time": "0.556",
    "(v)ram": "n/a"
}
{
    "process": "gptq",
    "layer": 14,
    "module": "self_attn.q_proj",
    "feat: in, out": "4096, 4096",
    "dtype: size": "bf16: 33.0MB",
    "loss": "0.0004703309",
    "samples": "14592",
    "damp": "0.05000",
    "time": "1.769",
    "fwd_time": "0.556",
    "(v)ram": "n/a"
}
{
    "process": "gptq",
    "layer": 14,
    "module": "self_attn.o_proj",
    "feat: in, out": "4096, 4096",
    "dtype: size": "bf16: 33.0MB",
    "loss": "0.0000004729",
    "samples": "14592",
    "damp": "0.05000",
    "time": "0.708",
    "fwd_time": "0.286",
    "(v)ram": "n/a"
}
{
    "process": "gptq",
    "layer": 14,
    "module": "mlp.up_proj",
    "feat: in, out": "4096, 14336",
    "dtype: size": "bf16: 115.5MB",
    "loss": "0.0005686674",
    "samples": "14592",
    "damp": "0.05000",
    "time": "1.664",
    "fwd_time": "0.594",
    "(v)ram": "n/a"
}
{
    "process": "gptq",
    "layer": 14,
    "module": "mlp.gate_proj",
    "feat: in, out": "4096, 14336",
    "dtype: size": "bf16: 115.5MB",
    "loss": "0.0006518926",
    "samples": "14592",
    "damp": "0.05000",
    "time": "1.676",
    "fwd_time": "0.594",
    "(v)ram": "n/a"
}
{
    "process": "gptq",
    "layer": 14,
    "module": "mlp.down_proj",
    "feat: in, out": "14336, 4096",
    "dtype: size": "bf16: 115.6MB",
    "loss": "0.0000011565",
    "samples": "14592",
    "damp": "0.05000",
    "time": "5.217",
    "fwd_time": "2.073",
    "(v)ram": "n/a"
}
{
    "process": "gptq",
    "layer": 15,
    "module": "self_attn.v_proj",
    "feat: in, out": "4096, 1024",
    "dtype: size": "bf16: 8.3MB",
    "loss": "0.0000782459",
    "samples": "14592",
    "damp": "0.05000",
    "time": "1.773",
    "fwd_time": "0.552",
    "(v)ram": "n/a"
}
{
    "process": "gptq",
    "layer": 15,
    "module": "self_attn.k_proj",
    "feat: in, out": "4096, 1024",
    "dtype: size": "bf16: 8.3MB",
    "loss": "0.0002592769",
    "samples": "14592",
    "damp": "0.05000",
    "time": "1.779",
    "fwd_time": "0.552",
    "(v)ram": "n/a"
}
{
    "process": "gptq",
    "layer": 15,
    "module": "self_attn.q_proj",
    "feat: in, out": "4096, 4096",
    "dtype: size": "bf16: 33.0MB",
    "loss": "0.0005840447",
    "samples": "14592",
    "damp": "0.05000",
    "time": "1.786",
    "fwd_time": "0.552",
    "(v)ram": "n/a"
}
{
    "process": "gptq",
    "layer": 15,
    "module": "self_attn.o_proj",
    "feat: in, out": "4096, 4096",
    "dtype: size": "bf16: 33.0MB",
    "loss": "0.0000004959",
    "samples": "14592",
    "damp": "0.05000",
    "time": "0.714",
    "fwd_time": "0.291",
    "(v)ram": "n/a"
}
{
    "process": "gptq",
    "layer": 15,
    "module": "mlp.gate_proj",
    "feat: in, out": "4096, 14336",
    "dtype: size": "bf16: 115.5MB",
    "loss": "0.0007374490",
    "samples": "14592",
    "damp": "0.05000",
    "time": "1.659",
    "fwd_time": "0.595",
    "(v)ram": "n/a"
}
{
    "process": "gptq",
    "layer": 15,
    "module": "mlp.up_proj",
    "feat: in, out": "4096, 14336",
    "dtype: size": "bf16: 115.5MB",
    "loss": "0.0006208910",
    "samples": "14592",
    "damp": "0.05000",
    "time": "1.673",
    "fwd_time": "0.595",
    "(v)ram": "n/a"
}
{
    "process": "gptq",
    "layer": 15,
    "module": "mlp.down_proj",
    "feat: in, out": "14336, 4096",
    "dtype: size": "bf16: 115.6MB",
    "loss": "0.0000012110",
    "samples": "14592",
    "damp": "0.05000",
    "time": "5.186",
    "fwd_time": "2.069",
    "(v)ram": "n/a"
}
{
    "process": "gptq",
    "layer": 16,
    "module": "self_attn.k_proj",
    "feat: in, out": "4096, 1024",
    "dtype: size": "bf16: 8.3MB",
    "loss": "0.0002373008",
    "samples": "14592",
    "damp": "0.05000",
    "time": "1.750",
    "fwd_time": "0.560",
    "(v)ram": "n/a"
}
{
    "process": "gptq",
    "layer": 16,
    "module": "self_attn.v_proj",
    "feat: in, out": "4096, 1024",
    "dtype: size": "bf16: 8.3MB",
    "loss": "0.0000733127",
    "samples": "14592",
    "damp": "0.05000",
    "time": "1.759",
    "fwd_time": "0.560",
    "(v)ram": "n/a"
}
{
    "process": "gptq",
    "layer": 16,
    "module": "self_attn.q_proj",
    "feat: in, out": "4096, 4096",
    "dtype: size": "bf16: 33.0MB",
    "loss": "0.0005155563",
    "samples": "14592",
    "damp": "0.05000",
    "time": "1.772",
    "fwd_time": "0.560",
    "(v)ram": "n/a"
}
{
    "process": "gptq",
    "layer": 16,
    "module": "self_attn.o_proj",
    "feat: in, out": "4096, 4096",
    "dtype: size": "bf16: 33.0MB",
    "loss": "0.0000005667",
    "samples": "14592",
    "damp": "0.05000",
    "time": "0.711",
    "fwd_time": "0.283",
    "(v)ram": "n/a"
}
{
    "process": "gptq",
    "layer": 16,
    "module": "mlp.gate_proj",
    "feat: in, out": "4096, 14336",
    "dtype: size": "bf16: 115.5MB",
    "loss": "0.0009033020",
    "samples": "14592",
    "damp": "0.05000",
    "time": "1.661",
    "fwd_time": "0.592",
    "(v)ram": "n/a"
}
{
    "process": "gptq",
    "layer": 16,
    "module": "mlp.up_proj",
    "feat: in, out": "4096, 14336",
    "dtype: size": "bf16: 115.5MB",
    "loss": "0.0007200555",
    "samples": "14592",
    "damp": "0.05000",
    "time": "1.673",
    "fwd_time": "0.592",
    "(v)ram": "n/a"
}
{
    "process": "gptq",
    "layer": 16,
    "module": "mlp.down_proj",
    "feat: in, out": "14336, 4096",
    "dtype: size": "bf16: 115.6MB",
    "loss": "0.0000016993",
    "samples": "14592",
    "damp": "0.05000",
    "time": "5.173",
    "fwd_time": "2.071",
    "(v)ram": "n/a"
}
{
    "process": "gptq",
    "layer": 17,
    "module": "self_attn.v_proj",
    "feat: in, out": "4096, 1024",
    "dtype: size": "bf16: 8.3MB",
    "loss": "0.0000706870",
    "samples": "14592",
    "damp": "0.05000",
    "time": "1.768",
    "fwd_time": "0.552",
    "(v)ram": "n/a"
}
{
    "process": "gptq",
    "layer": 17,
    "module": "self_attn.q_proj",
    "feat: in, out": "4096, 4096",
    "dtype: size": "bf16: 33.0MB",
    "loss": "0.0004793136",
    "samples": "14592",
    "damp": "0.05000",
    "time": "1.779",
    "fwd_time": "0.552",
    "(v)ram": "n/a"
}
{
    "process": "gptq",
    "layer": 17,
    "module": "self_attn.k_proj",
    "feat: in, out": "4096, 1024",
    "dtype: size": "bf16: 8.3MB",
    "loss": "0.0002001841",
    "samples": "14592",
    "damp": "0.05000",
    "time": "1.781",
    "fwd_time": "0.552",
    "(v)ram": "n/a"
}
{
    "process": "gptq",
    "layer": 17,
    "module": "self_attn.o_proj",
    "feat: in, out": "4096, 4096",
    "dtype: size": "bf16: 33.0MB",
    "loss": "0.0000007348",
    "samples": "14592",
    "damp": "0.05000",
    "time": "0.711",
    "fwd_time": "0.284",
    "(v)ram": "n/a"
}
{
    "process": "gptq",
    "layer": 17,
    "module": "mlp.up_proj",
    "feat: in, out": "4096, 14336",
    "dtype: size": "bf16: 115.5MB",
    "loss": "0.0008352632",
    "samples": "14592",
    "damp": "0.05000",
    "time": "1.660",
    "fwd_time": "0.593",
    "(v)ram": "n/a"
}
{
    "process": "gptq",
    "layer": 17,
    "module": "mlp.gate_proj",
    "feat: in, out": "4096, 14336",
    "dtype: size": "bf16: 115.5MB",
    "loss": "0.0010473118",
    "samples": "14592",
    "damp": "0.05000",
    "time": "1.669",
    "fwd_time": "0.593",
    "(v)ram": "n/a"
}
{
    "process": "gptq",
    "layer": 17,
    "module": "mlp.down_proj",
    "feat: in, out": "14336, 4096",
    "dtype: size": "bf16: 115.6MB",
    "loss": "0.0000023390",
    "samples": "14592",
    "damp": "0.05000",
    "time": "5.182",
    "fwd_time": "2.072",
    "(v)ram": "n/a"
}
{
    "process": "gptq",
    "layer": 18,
    "module": "self_attn.k_proj",
    "feat: in, out": "4096, 1024",
    "dtype: size": "bf16: 8.3MB",
    "loss": "0.0002362606",
    "samples": "14592",
    "damp": "0.05000",
    "time": "1.739",
    "fwd_time": "0.560",
    "(v)ram": "n/a"
}
{
    "process": "gptq",
    "layer": 18,
    "module": "self_attn.v_proj",
    "feat: in, out": "4096, 1024",
    "dtype: size": "bf16: 8.3MB",
    "loss": "0.0000864555",
    "samples": "14592",
    "damp": "0.05000",
    "time": "1.755",
    "fwd_time": "0.560",
    "(v)ram": "n/a"
}
{
    "process": "gptq",
    "layer": 18,
    "module": "self_attn.q_proj",
    "feat: in, out": "4096, 4096",
    "dtype: size": "bf16: 33.0MB",
    "loss": "0.0006058557",
    "samples": "14592",
    "damp": "0.05000",
    "time": "1.757",
    "fwd_time": "0.560",
    "(v)ram": "n/a"
}
{
    "process": "gptq",
    "layer": 18,
    "module": "self_attn.o_proj",
    "feat: in, out": "4096, 4096",
    "dtype: size": "bf16: 33.0MB",
    "loss": "0.0000006779",
    "samples": "14592",
    "damp": "0.05000",
    "time": "0.703",
    "fwd_time": "0.283",
    "(v)ram": "n/a"
}
{
    "process": "gptq",
    "layer": 18,
    "module": "mlp.up_proj",
    "feat: in, out": "4096, 14336",
    "dtype: size": "bf16: 115.5MB",
    "loss": "0.0009429604",
    "samples": "14592",
    "damp": "0.05000",
    "time": "1.652",
    "fwd_time": "0.594",
    "(v)ram": "n/a"
}
{
    "process": "gptq",
    "layer": 18,
    "module": "mlp.gate_proj",
    "feat: in, out": "4096, 14336",
    "dtype: size": "bf16: 115.5MB",
    "loss": "0.0011826537",
    "samples": "14592",
    "damp": "0.05000",
    "time": "1.675",
    "fwd_time": "0.594",
    "(v)ram": "n/a"
}
{
    "process": "gptq",
    "layer": 18,
    "module": "mlp.down_proj",
    "feat: in, out": "14336, 4096",
    "dtype: size": "bf16: 115.6MB",
    "loss": "0.0000034260",
    "samples": "14592",
    "damp": "0.05000",
    "time": "5.179",
    "fwd_time": "2.079",
    "(v)ram": "n/a"
}
{
    "process": "gptq",
    "layer": 19,
    "module": "self_attn.v_proj",
    "feat: in, out": "4096, 1024",
    "dtype: size": "bf16: 8.3MB",
    "loss": "0.0000994696",
    "samples": "14592",
    "damp": "0.05000",
    "time": "1.775",
    "fwd_time": "0.562",
    "(v)ram": "n/a"
}
{
    "process": "gptq",
    "layer": 19,
    "module": "self_attn.k_proj",
    "feat: in, out": "4096, 1024",
    "dtype: size": "bf16: 8.3MB",
    "loss": "0.0002334664",
    "samples": "14592",
    "damp": "0.05000",
    "time": "1.778",
    "fwd_time": "0.562",
    "(v)ram": "n/a"
}
{
    "process": "gptq",
    "layer": 19,
    "module": "self_attn.q_proj",
    "feat: in, out": "4096, 4096",
    "dtype: size": "bf16: 33.0MB",
    "loss": "0.0005519670",
    "samples": "14592",
    "damp": "0.05000",
    "time": "1.785",
    "fwd_time": "0.562",
    "(v)ram": "n/a"
}
{
    "process": "gptq",
    "layer": 19,
    "module": "self_attn.o_proj",
    "feat: in, out": "4096, 4096",
    "dtype: size": "bf16: 33.0MB",
    "loss": "0.0000008546",
    "samples": "14592",
    "damp": "0.05000",
    "time": "0.707",
    "fwd_time": "0.285",
    "(v)ram": "n/a"
}
{
    "process": "gptq",
    "layer": 19,
    "module": "mlp.gate_proj",
    "feat: in, out": "4096, 14336",
    "dtype: size": "bf16: 115.5MB",
    "loss": "0.0013313490",
    "samples": "14592",
    "damp": "0.05000",
    "time": "1.662",
    "fwd_time": "0.594",
    "(v)ram": "n/a"
}
{
    "process": "gptq",
    "layer": 19,
    "module": "mlp.up_proj",
    "feat: in, out": "4096, 14336",
    "dtype: size": "bf16: 115.5MB",
    "loss": "0.0010433856",
    "samples": "14592",
    "damp": "0.05000",
    "time": "1.670",
    "fwd_time": "0.594",
    "(v)ram": "n/a"
}
{
    "process": "gptq",
    "layer": 19,
    "module": "mlp.down_proj",
    "feat: in, out": "14336, 4096",
    "dtype: size": "bf16: 115.6MB",
    "loss": "0.0000047512",
    "samples": "14592",
    "damp": "0.05000",
    "time": "5.193",
    "fwd_time": "2.072",
    "(v)ram": "n/a"
}
{
    "process": "gptq",
    "layer": 20,
    "module": "self_attn.v_proj",
    "feat: in, out": "4096, 1024",
    "dtype: size": "bf16: 8.3MB",
    "loss": "0.0001084757",
    "samples": "14592",
    "damp": "0.05000",
    "time": "1.754",
    "fwd_time": "0.570",
    "(v)ram": "n/a"
}
{
    "process": "gptq",
    "layer": 20,
    "module": "self_attn.k_proj",
    "feat: in, out": "4096, 1024",
    "dtype: size": "bf16: 8.3MB",
    "loss": "0.0002390310",
    "samples": "14592",
    "damp": "0.05000",
    "time": "1.758",
    "fwd_time": "0.570",
    "(v)ram": "n/a"
}
{
    "process": "gptq",
    "layer": 20,
    "module": "self_attn.q_proj",
    "feat: in, out": "4096, 4096",
    "dtype: size": "bf16: 33.0MB",
    "loss": "0.0005908292",
    "samples": "14592",
    "damp": "0.05000",
    "time": "1.768",
    "fwd_time": "0.570",
    "(v)ram": "n/a"
}
{
    "process": "gptq",
    "layer": 20,
    "module": "self_attn.o_proj",
    "feat: in, out": "4096, 4096",
    "dtype: size": "bf16: 33.0MB",
    "loss": "0.0000007718",
    "samples": "14592",
    "damp": "0.05000",
    "time": "0.708",
    "fwd_time": "0.285",
    "(v)ram": "n/a"
}
{
    "process": "gptq",
    "layer": 20,
    "module": "mlp.gate_proj",
    "feat: in, out": "4096, 14336",
    "dtype: size": "bf16: 115.5MB",
    "loss": "0.0015037160",
    "samples": "14592",
    "damp": "0.05000",
    "time": "1.662",
    "fwd_time": "0.601",
    "(v)ram": "n/a"
}
{
    "process": "gptq",
    "layer": 20,
    "module": "mlp.up_proj",
    "feat: in, out": "4096, 14336",
    "dtype: size": "bf16: 115.5MB",
    "loss": "0.0011480074",
    "samples": "14592",
    "damp": "0.05000",
    "time": "1.665",
    "fwd_time": "0.601",
    "(v)ram": "n/a"
}
{
    "process": "gptq",
    "layer": 20,
    "module": "mlp.down_proj",
    "feat: in, out": "14336, 4096",
    "dtype: size": "bf16: 115.6MB",
    "loss": "0.0000046813",
    "samples": "14592",
    "damp": "0.05000",
    "time": "5.188",
    "fwd_time": "2.073",
    "(v)ram": "n/a"
}
{
    "process": "gptq",
    "layer": 21,
    "module": "self_attn.k_proj",
    "feat: in, out": "4096, 1024",
    "dtype: size": "bf16: 8.3MB",
    "loss": "0.0002344344",
    "samples": "14592",
    "damp": "0.05000",
    "time": "1.767",
    "fwd_time": "0.569",
    "(v)ram": "n/a"
}
{
    "process": "gptq",
    "layer": 21,
    "module": "self_attn.v_proj",
    "feat: in, out": "4096, 1024",
    "dtype: size": "bf16: 8.3MB",
    "loss": "0.0001138646",
    "samples": "14592",
    "damp": "0.05000",
    "time": "1.776",
    "fwd_time": "0.569",
    "(v)ram": "n/a"
}
{
    "process": "gptq",
    "layer": 21,
    "module": "self_attn.q_proj",
    "feat: in, out": "4096, 4096",
    "dtype: size": "bf16: 33.0MB",
    "loss": "0.0005814289",
    "samples": "14592",
    "damp": "0.05000",
    "time": "1.786",
    "fwd_time": "0.569",
    "(v)ram": "n/a"
}
{
    "process": "gptq",
    "layer": 21,
    "module": "self_attn.o_proj",
    "feat: in, out": "4096, 4096",
    "dtype: size": "bf16: 33.0MB",
    "loss": "0.0000008505",
    "samples": "14592",
    "damp": "0.05000",
    "time": "0.701",
    "fwd_time": "0.283",
    "(v)ram": "n/a"
}
{
    "process": "gptq",
    "layer": 21,
    "module": "mlp.gate_proj",
    "feat: in, out": "4096, 14336",
    "dtype: size": "bf16: 115.5MB",
    "loss": "0.0017613570",
    "samples": "14592",
    "damp": "0.05000",
    "time": "1.655",
    "fwd_time": "0.594",
    "(v)ram": "n/a"
}
{
    "process": "gptq",
    "layer": 21,
    "module": "mlp.up_proj",
    "feat: in, out": "4096, 14336",
    "dtype: size": "bf16: 115.5MB",
    "loss": "0.0012544171",
    "samples": "14592",
    "damp": "0.05000",
    "time": "1.665",
    "fwd_time": "0.594",
    "(v)ram": "n/a"
}
{
    "process": "gptq",
    "layer": 21,
    "module": "mlp.down_proj",
    "feat: in, out": "14336, 4096",
    "dtype: size": "bf16: 115.6MB",
    "loss": "0.0000047746",
    "samples": "14592",
    "damp": "0.05000",
    "time": "5.182",
    "fwd_time": "2.072",
    "(v)ram": "n/a"
}
{
    "process": "gptq",
    "layer": 22,
    "module": "self_attn.q_proj",
    "feat: in, out": "4096, 4096",
    "dtype: size": "bf16: 33.0MB",
    "loss": "0.0005586112",
    "samples": "14592",
    "damp": "0.05000",
    "time": "1.757",
    "fwd_time": "0.577",
    "(v)ram": "n/a"
}
{
    "process": "gptq",
    "layer": 22,
    "module": "self_attn.k_proj",
    "feat: in, out": "4096, 1024",
    "dtype: size": "bf16: 8.3MB",
    "loss": "0.0002210191",
    "samples": "14592",
    "damp": "0.05000",
    "time": "1.763",
    "fwd_time": "0.577",
    "(v)ram": "n/a"
}
{
    "process": "gptq",
    "layer": 22,
    "module": "self_attn.v_proj",
    "feat: in, out": "4096, 1024",
    "dtype: size": "bf16: 8.3MB",
    "loss": "0.0001177703",
    "samples": "14592",
    "damp": "0.05000",
    "time": "1.773",
    "fwd_time": "0.577",
    "(v)ram": "n/a"
}
{
    "process": "gptq",
    "layer": 22,
    "module": "self_attn.o_proj",
    "feat: in, out": "4096, 4096",
    "dtype: size": "bf16: 33.0MB",
    "loss": "0.0000004741",
    "samples": "14592",
    "damp": "0.05000",
    "time": "0.705",
    "fwd_time": "0.281",
    "(v)ram": "n/a"
}
{
    "process": "gptq",
    "layer": 22,
    "module": "mlp.gate_proj",
    "feat: in, out": "4096, 14336",
    "dtype: size": "bf16: 115.5MB",
    "loss": "0.0018660103",
    "samples": "14592",
    "damp": "0.05000",
    "time": "1.644",
    "fwd_time": "0.591",
    "(v)ram": "n/a"
}
{
    "process": "gptq",
    "layer": 22,
    "module": "mlp.up_proj",
    "feat: in, out": "4096, 14336",
    "dtype: size": "bf16: 115.5MB",
    "loss": "0.0013429815",
    "samples": "14592",
    "damp": "0.05000",
    "time": "1.654",
    "fwd_time": "0.591",
    "(v)ram": "n/a"
}
{
    "process": "gptq",
    "layer": 22,
    "module": "mlp.down_proj",
    "feat: in, out": "14336, 4096",
    "dtype: size": "bf16: 115.6MB",
    "loss": "0.0000049193",
    "samples": "14592",
    "damp": "0.05000",
    "time": "5.179",
    "fwd_time": "2.069",
    "(v)ram": "n/a"
}
{
    "process": "gptq",
    "layer": 23,
    "module": "self_attn.v_proj",
    "feat: in, out": "4096, 1024",
    "dtype: size": "bf16: 8.3MB",
    "loss": "0.0001229513",
    "samples": "14592",
    "damp": "0.05000",
    "time": "1.765",
    "fwd_time": "0.748",
    "(v)ram": "n/a"
}
{
    "process": "gptq",
    "layer": 23,
    "module": "self_attn.q_proj",
    "feat: in, out": "4096, 4096",
    "dtype: size": "bf16: 33.0MB",
    "loss": "0.0005597273",
    "samples": "14592",
    "damp": "0.05000",
    "time": "1.776",
    "fwd_time": "0.748",
    "(v)ram": "n/a"
}
{
    "process": "gptq",
    "layer": 23,
    "module": "self_attn.k_proj",
    "feat: in, out": "4096, 1024",
    "dtype: size": "bf16: 8.3MB",
    "loss": "0.0002191519",
    "samples": "14592",
    "damp": "0.05000",
    "time": "1.781",
    "fwd_time": "0.748",
    "(v)ram": "n/a"
}
{
    "process": "gptq",
    "layer": 23,
    "module": "self_attn.o_proj",
    "feat: in, out": "4096, 4096",
    "dtype: size": "bf16: 33.0MB",
    "loss": "0.0000007751",
    "samples": "14592",
    "damp": "0.05000",
    "time": "0.709",
    "fwd_time": "0.284",
    "(v)ram": "n/a"
}
{
    "process": "gptq",
    "layer": 23,
    "module": "mlp.up_proj",
    "feat: in, out": "4096, 14336",
    "dtype: size": "bf16: 115.5MB",
    "loss": "0.0014775463",
    "samples": "14592",
    "damp": "0.05000",
    "time": "1.647",
    "fwd_time": "0.593",
    "(v)ram": "n/a"
}
{
    "process": "gptq",
    "layer": 23,
    "module": "mlp.gate_proj",
    "feat: in, out": "4096, 14336",
    "dtype: size": "bf16: 115.5MB",
    "loss": "0.0020589201",
    "samples": "14592",
    "damp": "0.05000",
    "time": "1.659",
    "fwd_time": "0.593",
    "(v)ram": "n/a"
}
{
    "process": "gptq",
    "layer": 23,
    "module": "mlp.down_proj",
    "feat: in, out": "14336, 4096",
    "dtype: size": "bf16: 115.6MB",
    "loss": "0.0000055095",
    "samples": "14592",
    "damp": "0.05000",
    "time": "5.174",
    "fwd_time": "2.078",
    "(v)ram": "n/a"
}
{
    "process": "gptq",
    "layer": 24,
    "module": "self_attn.q_proj",
    "feat: in, out": "4096, 4096",
    "dtype: size": "bf16: 33.0MB",
    "loss": "0.0006358796",
    "samples": "14592",
    "damp": "0.05000",
    "time": "1.767",
    "fwd_time": "0.592",
    "(v)ram": "n/a"
}
{
    "process": "gptq",
    "layer": 24,
    "module": "self_attn.k_proj",
    "feat: in, out": "4096, 1024",
    "dtype: size": "bf16: 8.3MB",
    "loss": "0.0002526979",
    "samples": "14592",
    "damp": "0.05000",
    "time": "1.770",
    "fwd_time": "0.592",
    "(v)ram": "n/a"
}
{
    "process": "gptq",
    "layer": 24,
    "module": "self_attn.v_proj",
    "feat: in, out": "4096, 1024",
    "dtype: size": "bf16: 8.3MB",
    "loss": "0.0001424338",
    "samples": "14592",
    "damp": "0.05000",
    "time": "1.776",
    "fwd_time": "0.592",
    "(v)ram": "n/a"
}
{
    "process": "gptq",
    "layer": 24,
    "module": "self_attn.o_proj",
    "feat: in, out": "4096, 4096",
    "dtype: size": "bf16: 33.0MB",
    "loss": "0.0000007281",
    "samples": "14592",
    "damp": "0.05000",
    "time": "0.709",
    "fwd_time": "0.284",
    "(v)ram": "n/a"
}
{
    "process": "gptq",
    "layer": 24,
    "module": "mlp.up_proj",
    "feat: in, out": "4096, 14336",
    "dtype: size": "bf16: 115.5MB",
    "loss": "0.0016364792",
    "samples": "14592",
    "damp": "0.05000",
    "time": "1.659",
    "fwd_time": "0.594",
    "(v)ram": "n/a"
}
{
    "process": "gptq",
    "layer": 24,
    "module": "mlp.gate_proj",
    "feat: in, out": "4096, 14336",
    "dtype: size": "bf16: 115.5MB",
    "loss": "0.0023241759",
    "samples": "14592",
    "damp": "0.05000",
    "time": "1.662",
    "fwd_time": "0.594",
    "(v)ram": "n/a"
}
{
    "process": "gptq",
    "layer": 24,
    "module": "mlp.down_proj",
    "feat: in, out": "14336, 4096",
    "dtype: size": "bf16: 115.6MB",
    "loss": "0.0000060779",
    "samples": "14592",
    "damp": "0.05000",
    "time": "5.190",
    "fwd_time": "2.071",
    "(v)ram": "n/a"
}
{
    "process": "gptq",
    "layer": 25,
    "module": "self_attn.k_proj",
    "feat: in, out": "4096, 1024",
    "dtype: size": "bf16: 8.3MB",
    "loss": "0.0002433398",
    "samples": "14592",
    "damp": "0.05000",
    "time": "1.740",
    "fwd_time": "0.574",
    "(v)ram": "n/a"
}
{
    "process": "gptq",
    "layer": 25,
    "module": "self_attn.v_proj",
    "feat: in, out": "4096, 1024",
    "dtype: size": "bf16: 8.3MB",
    "loss": "0.0001629024",
    "samples": "14592",
    "damp": "0.05000",
    "time": "1.747",
    "fwd_time": "0.574",
    "(v)ram": "n/a"
}
{
    "process": "gptq",
    "layer": 25,
    "module": "self_attn.q_proj",
    "feat: in, out": "4096, 4096",
    "dtype: size": "bf16: 33.0MB",
    "loss": "0.0006381356",
    "samples": "14592",
    "damp": "0.05000",
    "time": "1.767",
    "fwd_time": "0.574",
    "(v)ram": "n/a"
}
{
    "process": "gptq",
    "layer": 25,
    "module": "self_attn.o_proj",
    "feat: in, out": "4096, 4096",
    "dtype: size": "bf16: 33.0MB",
    "loss": "0.0000007756",
    "samples": "14592",
    "damp": "0.05000",
    "time": "0.704",
    "fwd_time": "0.284",
    "(v)ram": "n/a"
}
{
    "process": "gptq",
    "layer": 25,
    "module": "mlp.gate_proj",
    "feat: in, out": "4096, 14336",
    "dtype: size": "bf16: 115.5MB",
    "loss": "0.0025241804",
    "samples": "14592",
    "damp": "0.05000",
    "time": "1.673",
    "fwd_time": "0.595",
    "(v)ram": "n/a"
}
{
    "process": "gptq",
    "layer": 25,
    "module": "mlp.up_proj",
    "feat: in, out": "4096, 14336",
    "dtype: size": "bf16: 115.5MB",
    "loss": "0.0017931806",
    "samples": "14592",
    "damp": "0.05000",
    "time": "1.678",
    "fwd_time": "0.595",
    "(v)ram": "n/a"
}
{
    "process": "gptq",
    "layer": 25,
    "module": "mlp.down_proj",
    "feat: in, out": "14336, 4096",
    "dtype: size": "bf16: 115.6MB",
    "loss": "0.0000068672",
    "samples": "14592",
    "damp": "0.05000",
    "time": "5.183",
    "fwd_time": "2.077",
    "(v)ram": "n/a"
}
{
    "process": "gptq",
    "layer": 26,
    "module": "self_attn.k_proj",
    "feat: in, out": "4096, 1024",
    "dtype: size": "bf16: 8.3MB",
    "loss": "0.0002295814",
    "samples": "14592",
    "damp": "0.05000",
    "time": "1.761",
    "fwd_time": "0.584",
    "(v)ram": "n/a"
}
{
    "process": "gptq",
    "layer": 26,
    "module": "self_attn.q_proj",
    "feat: in, out": "4096, 4096",
    "dtype: size": "bf16: 33.0MB",
    "loss": "0.0006076741",
    "samples": "14592",
    "damp": "0.05000",
    "time": "1.777",
    "fwd_time": "0.584",
    "(v)ram": "n/a"
}
{
    "process": "gptq",
    "layer": 26,
    "module": "self_attn.v_proj",
    "feat: in, out": "4096, 1024",
    "dtype: size": "bf16: 8.3MB",
    "loss": "0.0001726150",
    "samples": "14592",
    "damp": "0.05000",
    "time": "1.781",
    "fwd_time": "0.584",
    "(v)ram": "n/a"
}
{
    "process": "gptq",
    "layer": 26,
    "module": "self_attn.o_proj",
    "feat: in, out": "4096, 4096",
    "dtype: size": "bf16: 33.0MB",
    "loss": "0.0000010953",
    "samples": "14592",
    "damp": "0.05000",
    "time": "0.701",
    "fwd_time": "0.286",
    "(v)ram": "n/a"
}
{
    "process": "gptq",
    "layer": 26,
    "module": "mlp.up_proj",
    "feat: in, out": "4096, 14336",
    "dtype: size": "bf16: 115.5MB",
    "loss": "0.0019527330",
    "samples": "14592",
    "damp": "0.05000",
    "time": "1.664",
    "fwd_time": "0.595",
    "(v)ram": "n/a"
}
{
    "process": "gptq",
    "layer": 26,
    "module": "mlp.gate_proj",
    "feat: in, out": "4096, 14336",
    "dtype: size": "bf16: 115.5MB",
    "loss": "0.0026540437",
    "samples": "14592",
    "damp": "0.05000",
    "time": "1.668",
    "fwd_time": "0.595",
    "(v)ram": "n/a"
}
{
    "process": "gptq",
    "layer": 26,
    "module": "mlp.down_proj",
    "feat: in, out": "14336, 4096",
    "dtype: size": "bf16: 115.6MB",
    "loss": "0.0000078926",
    "samples": "14592",
    "damp": "0.05000",
    "time": "5.181",
    "fwd_time": "2.072",
    "(v)ram": "n/a"
}
{
    "process": "gptq",
    "layer": 27,
    "module": "self_attn.k_proj",
    "feat: in, out": "4096, 1024",
    "dtype: size": "bf16: 8.3MB",
    "loss": "0.0002324458",
    "samples": "14592",
    "damp": "0.05000",
    "time": "1.817",
    "fwd_time": "0.599",
    "(v)ram": "n/a"
}
{
    "process": "gptq",
    "layer": 27,
    "module": "self_attn.v_proj",
    "feat: in, out": "4096, 1024",
    "dtype: size": "bf16: 8.3MB",
    "loss": "0.0001571471",
    "samples": "14592",
    "damp": "0.05000",
    "time": "1.828",
    "fwd_time": "0.599",
    "(v)ram": "n/a"
}
{
    "process": "gptq",
    "layer": 27,
    "module": "self_attn.q_proj",
    "feat: in, out": "4096, 4096",
    "dtype: size": "bf16: 33.0MB",
    "loss": "0.0006277304",
    "samples": "14592",
    "damp": "0.05000",
    "time": "1.829",
    "fwd_time": "0.599",
    "(v)ram": "n/a"
}
{
    "process": "gptq",
    "layer": 27,
    "module": "self_attn.o_proj",
    "feat: in, out": "4096, 4096",
    "dtype: size": "bf16: 33.0MB",
    "loss": "0.0000012356",
    "samples": "14592",
    "damp": "0.05000",
    "time": "0.695",
    "fwd_time": "0.282",
    "(v)ram": "n/a"
}
{
    "process": "gptq",
    "layer": 27,
    "module": "mlp.gate_proj",
    "feat: in, out": "4096, 14336",
    "dtype: size": "bf16: 115.5MB",
    "loss": "0.0029177770",
    "samples": "14592",
    "damp": "0.05000",
    "time": "1.664",
    "fwd_time": "0.596",
    "(v)ram": "n/a"
}
{
    "process": "gptq",
    "layer": 27,
    "module": "mlp.up_proj",
    "feat: in, out": "4096, 14336",
    "dtype: size": "bf16: 115.5MB",
    "loss": "0.0021599455",
    "samples": "14592",
    "damp": "0.05000",
    "time": "1.667",
    "fwd_time": "0.596",
    "(v)ram": "n/a"
}
{
    "process": "gptq",
    "layer": 27,
    "module": "mlp.down_proj",
    "feat: in, out": "14336, 4096",
    "dtype: size": "bf16: 115.6MB",
    "loss": "0.0000095576",
    "samples": "14592",
    "damp": "0.05000",
    "time": "5.179",
    "fwd_time": "2.067",
    "(v)ram": "n/a"
}
{
    "process": "gptq",
    "layer": 28,
    "module": "self_attn.q_proj",
    "feat: in, out": "4096, 4096",
    "dtype: size": "bf16: 33.0MB",
    "loss": "0.0006168669",
    "samples": "14592",
    "damp": "0.05000",
    "time": "1.761",
    "fwd_time": "0.641",
    "(v)ram": "n/a"
}
{
    "process": "gptq",
    "layer": 28,
    "module": "self_attn.k_proj",
    "feat: in, out": "4096, 1024",
    "dtype: size": "bf16: 8.3MB",
    "loss": "0.0002342016",
    "samples": "14592",
    "damp": "0.05000",
    "time": "1.774",
    "fwd_time": "0.641",
    "(v)ram": "n/a"
}
{
    "process": "gptq",
    "layer": 28,
    "module": "self_attn.v_proj",
    "feat: in, out": "4096, 1024",
    "dtype: size": "bf16: 8.3MB",
    "loss": "0.0002305456",
    "samples": "14592",
    "damp": "0.05000",
    "time": "1.773",
    "fwd_time": "0.641",
    "(v)ram": "n/a"
}
{
    "process": "gptq",
    "layer": 28,
    "module": "self_attn.o_proj",
    "feat: in, out": "4096, 4096",
    "dtype: size": "bf16: 33.0MB",
    "loss": "0.0000019068",
    "samples": "14592",
    "damp": "0.05000",
    "time": "0.707",
    "fwd_time": "0.282",
    "(v)ram": "n/a"
}
{
    "process": "gptq",
    "layer": 28,
    "module": "mlp.gate_proj",
    "feat: in, out": "4096, 14336",
    "dtype: size": "bf16: 115.5MB",
    "loss": "0.0031410602",
    "samples": "14592",
    "damp": "0.05000",
    "time": "1.654",
    "fwd_time": "0.594",
    "(v)ram": "n/a"
}
{
    "process": "gptq",
    "layer": 28,
    "module": "mlp.up_proj",
    "feat: in, out": "4096, 14336",
    "dtype: size": "bf16: 115.5MB",
    "loss": "0.0024126554",
    "samples": "14592",
    "damp": "0.05000",
    "time": "1.665",
    "fwd_time": "0.594",
    "(v)ram": "n/a"
}
{
    "process": "gptq",
    "layer": 28,
    "module": "mlp.down_proj",
    "feat: in, out": "14336, 4096",
    "dtype: size": "bf16: 115.6MB",
    "loss": "0.0000131292",
    "samples": "14592",
    "damp": "0.05000",
    "time": "5.191",
    "fwd_time": "2.069",
    "(v)ram": "n/a"
}
{
    "process": "gptq",
    "layer": 29,
    "module": "self_attn.q_proj",
    "feat: in, out": "4096, 4096",
    "dtype: size": "bf16: 33.0MB",
    "loss": "0.0007077863",
    "samples": "14592",
    "damp": "0.05000",
    "time": "1.773",
    "fwd_time": "0.564",
    "(v)ram": "n/a"
}
{
    "process": "gptq",
    "layer": 29,
    "module": "self_attn.v_proj",
    "feat: in, out": "4096, 1024",
    "dtype: size": "bf16: 8.3MB",
    "loss": "0.0003356909",
    "samples": "14592",
    "damp": "0.05000",
    "time": "1.777",
    "fwd_time": "0.564",
    "(v)ram": "n/a"
}
{
    "process": "gptq",
    "layer": 29,
    "module": "self_attn.k_proj",
    "feat: in, out": "4096, 1024",
    "dtype: size": "bf16: 8.3MB",
    "loss": "0.0002362519",
    "samples": "14592",
    "damp": "0.05000",
    "time": "1.782",
    "fwd_time": "0.564",
    "(v)ram": "n/a"
}
{
    "process": "gptq",
    "layer": 29,
    "module": "self_attn.o_proj",
    "feat: in, out": "4096, 4096",
    "dtype: size": "bf16: 33.0MB",
    "loss": "0.0000041038",
    "samples": "14592",
    "damp": "0.05000",
    "time": "0.702",
    "fwd_time": "0.284",
    "(v)ram": "n/a"
}
{
    "process": "gptq",
    "layer": 29,
    "module": "mlp.up_proj",
    "feat: in, out": "4096, 14336",
    "dtype: size": "bf16: 115.5MB",
    "loss": "0.0024639980",
    "samples": "14592",
    "damp": "0.05000",
    "time": "1.639",
    "fwd_time": "0.594",
    "(v)ram": "n/a"
}
{
    "process": "gptq",
    "layer": 29,
    "module": "mlp.gate_proj",
    "feat: in, out": "4096, 14336",
    "dtype: size": "bf16: 115.5MB",
    "loss": "0.0030769635",
    "samples": "14592",
    "damp": "0.05000",
    "time": "1.653",
    "fwd_time": "0.594",
    "(v)ram": "n/a"
}
{
    "process": "gptq",
    "layer": 29,
    "module": "mlp.down_proj",
    "feat: in, out": "14336, 4096",
    "dtype: size": "bf16: 115.6MB",
    "loss": "0.0000171530",
    "samples": "14592",
    "damp": "0.05000",
    "time": "5.179",
    "fwd_time": "2.071",
    "(v)ram": "n/a"
}
{
    "process": "gptq",
    "layer": 30,
    "module": "self_attn.v_proj",
    "feat: in, out": "4096, 1024",
    "dtype: size": "bf16: 8.3MB",
    "loss": "0.0003699443",
    "samples": "14592",
    "damp": "0.05000",
    "time": "1.764",
    "fwd_time": "0.586",
    "(v)ram": "n/a"
}
{
    "process": "gptq",
    "layer": 30,
    "module": "self_attn.k_proj",
    "feat: in, out": "4096, 1024",
    "dtype: size": "bf16: 8.3MB",
    "loss": "0.0002194928",
    "samples": "14592",
    "damp": "0.05000",
    "time": "1.768",
    "fwd_time": "0.586",
    "(v)ram": "n/a"
}
{
    "process": "gptq",
    "layer": 30,
    "module": "self_attn.q_proj",
    "feat: in, out": "4096, 4096",
    "dtype: size": "bf16: 33.0MB",
    "loss": "0.0006635139",
    "samples": "14592",
    "damp": "0.05000",
    "time": "1.772",
    "fwd_time": "0.586",
    "(v)ram": "n/a"
}
{
    "process": "gptq",
    "layer": 30,
    "module": "self_attn.o_proj",
    "feat: in, out": "4096, 4096",
    "dtype: size": "bf16: 33.0MB",
    "loss": "0.0000035380",
    "samples": "14592",
    "damp": "0.05000",
    "time": "0.709",
    "fwd_time": "0.284",
    "(v)ram": "n/a"
}
{
    "process": "gptq",
    "layer": 30,
    "module": "mlp.up_proj",
    "feat: in, out": "4096, 14336",
    "dtype: size": "bf16: 115.5MB",
    "loss": "0.0025720445",
    "samples": "14592",
    "damp": "0.05000",
    "time": "1.651",
    "fwd_time": "0.592",
    "(v)ram": "n/a"
}
{
    "process": "gptq",
    "layer": 30,
    "module": "mlp.gate_proj",
    "feat: in, out": "4096, 14336",
    "dtype: size": "bf16: 115.5MB",
    "loss": "0.0031579636",
    "samples": "14592",
    "damp": "0.05000",
    "time": "1.662",
    "fwd_time": "0.592",
    "(v)ram": "n/a"
}
{
    "process": "gptq",
    "layer": 30,
    "module": "mlp.down_proj",
    "feat: in, out": "14336, 4096",
    "dtype: size": "bf16: 115.6MB",
    "loss": "0.0000235556",
    "samples": "14592",
    "damp": "0.05000",
    "time": "5.185",
    "fwd_time": "2.077",
    "(v)ram": "n/a"
}
{
    "process": "gptq",
    "layer": 31,
    "module": "self_attn.q_proj",
    "feat: in, out": "4096, 4096",
    "dtype: size": "bf16: 33.0MB",
    "loss": "0.0006179949",
    "samples": "14592",
    "damp": "0.05000",
    "time": "1.783",
    "fwd_time": "0.577",
    "(v)ram": "n/a"
}
{
    "process": "gptq",
    "layer": 31,
    "module": "self_attn.v_proj",
    "feat: in, out": "4096, 1024",
    "dtype: size": "bf16: 8.3MB",
    "loss": "0.0003813076",
    "samples": "14592",
    "damp": "0.05000",
    "time": "1.785",
    "fwd_time": "0.577",
    "(v)ram": "n/a"
}
{
    "process": "gptq",
    "layer": 31,
    "module": "self_attn.k_proj",
    "feat: in, out": "4096, 1024",
    "dtype: size": "bf16: 8.3MB",
    "loss": "0.0002099686",
    "samples": "14592",
    "damp": "0.05000",
    "time": "1.788",
    "fwd_time": "0.577",
    "(v)ram": "n/a"
}
{
    "process": "gptq",
    "layer": 31,
    "module": "self_attn.o_proj",
    "feat: in, out": "4096, 4096",
    "dtype: size": "bf16: 33.0MB",
    "loss": "0.0000051024",
    "samples": "14592",
    "damp": "0.05000",
    "time": "0.703",
    "fwd_time": "0.288",
    "(v)ram": "n/a"
}
{
    "process": "gptq",
    "layer": 31,
    "module": "mlp.gate_proj",
    "feat: in, out": "4096, 14336",
    "dtype: size": "bf16: 115.5MB",
    "loss": "0.0026949479",
    "samples": "14592",
    "damp": "0.05000",
    "time": "1.649",
    "fwd_time": "0.593",
    "(v)ram": "n/a"
}
{
    "process": "gptq",
    "layer": 31,
    "module": "mlp.up_proj",
    "feat: in, out": "4096, 14336",
    "dtype: size": "bf16: 115.5MB",
    "loss": "0.0021300530",
    "samples": "14592",
    "damp": "0.05000",
    "time": "1.659",
    "fwd_time": "0.593",
    "(v)ram": "n/a"
}
{
    "process": "gptq",
    "layer": 31,
    "module": "mlp.down_proj",
    "feat: in, out": "14336, 4096",
    "dtype: size": "bf16: 115.6MB",
    "loss": "0.0000458144",
    "samples": "14592",
    "damp": "0.05000",
    "time": "5.179",
    "fwd_time": "2.074",
    "(v)ram": "n/a"
}
